// Jest Snapshot v1, https://goo.gl/fbAQLP

exports[`<LimitedFeaturesMessage /> Should match snapshoot for business 1`] = `
<section
  className="limitedFeaturesMessage"
>
  <div
    className="row"
  >
    <div
      className="small-12 column"
    >
      <h1
        className="limitedFeaturesMessage__title"
      >
        Sorry, you're not a Lift Rewards Pro Partner so we can only show you an example template of this section!
      </h1>
      <p
        className="limitedFeaturesMessage__message"
      >
        Lift Rewards Pro Partners have access to our full analytics dashboard, which offers patient and product insights aggregated from the largest database of consumer-reported information for legal cannabis products. For more information or to sign up, contact us at
         
        <a
          className="limitedFeaturesMessage__link"
          href="mailto:hello@lift.co"
        >
          hello@lift.co
        </a>
      </p>
    </div>
  </div>
</section>
`;

exports[`<LimitedFeaturesMessage /> Should match snapshoot for pro 1`] = `null`;
